2026-09-27T18:49:12Z preflight head=dddb6a785253158be0a7e0b542a1ab3b98270482
2026-09-27T18:49:12Z START round=1 version=1.3.20
2026-09-27T18:50:39Z STOP round=1 version=1.3.20 exit=0
2026-09-27T18:50:40Z START round=1 version=2.11.1
2026-09-27T18:52:47Z STOP round=1 version=2.11.1 exit=0
2026-09-27T18:52:47Z START round=1 version=2.12.0
2026-09-27T18:54:37Z STOP round=1 version=2.12.0 exit=0
2026-09-27T18:54:37Z START round=1 version=2.19.0
2026-09-27T18:56:30Z STOP round=1 version=2.19.0 exit=0
2026-09-27T18:56:30Z START round=1 version=3.8.0
2026-09-27T18:58:52Z STOP round=1 version=3.8.0 exit=0
2026-09-27T18:58:52Z START round=1 report
2026-09-27T18:58:52Z STOP round=1 report exit=0
2026-09-27T18:58:52Z START round=2 version=3.8.0
2026-09-27T19:00:49Z STOP round=2 version=3.8.0 exit=0
2026-09-27T19:00:50Z START round=2 version=2.19.0
2026-09-27T19:02:45Z STOP round=2 version=2.19.0 exit=0
2026-09-27T19:02:45Z START round=2 version=2.12.0
2026-09-27T19:04:44Z STOP round=2 version=2.12.0 exit=0
2026-09-27T19:04:44Z START round=2 version=2.11.1
2026-09-27T19:06:21Z STOP round=2 version=2.11.1 exit=0
2026-09-27T19:06:21Z START round=2 version=1.3.20
2026-09-27T19:07:48Z STOP round=2 version=1.3.20 exit=0
2026-09-27T19:07:48Z START round=2 report
2026-09-27T19:07:48Z STOP round=2 report exit=0
2026-09-27T19:07:48Z START round=3 version=2.12.0
2026-09-27T19:10:00Z STOP round=3 version=2.12.0 exit=0
2026-09-27T19:10:00Z START round=3 version=2.19.0
2026-09-27T19:11:53Z STOP round=3 version=2.19.0 exit=0
2026-09-27T19:11:53Z START round=3 version=3.8.0
2026-09-27T19:13:50Z STOP round=3 version=3.8.0 exit=0
2026-09-27T19:13:50Z START round=3 version=1.3.20
2026-09-27T19:15:39Z STOP round=3 version=1.3.20 exit=0
2026-09-27T19:15:39Z START round=3 version=2.11.1
2026-09-27T19:17:16Z STOP round=3 version=2.11.1 exit=0
2026-09-27T19:17:16Z START round=3 report
2026-09-27T19:17:16Z STOP round=3 report exit=0
2026-09-27T19:17:16Z END exit=0
